// Jest Snapshot v1, https://goo.gl/fbAQLP

exports[`<PointList /> DOM structure not changed 1`] = `
<ul
  className="list"
  data-react-beautiful-dnd-droppable="1"
>
  <li
    className="list--item"
    data-react-beautiful-dnd-draggable="1"
    onTransitionEnd={null}
    style={
      Object {
        "transform": null,
        "transition": null,
      }
    }
  >
    <span
      className="list--content"
    >
      Title 1
    </span>
    <button
      area-label="Удалить"
      className="list--button"
      name="remove"
      onClick={[Function]}
      title="Удалить"
      type="button"
      value="1"
    >
      x
    </button>
  </li>
  <li
    className="list--item"
    data-react-beautiful-dnd-draggable="1"
    onTransitionEnd={null}
    style={
      Object {
        "transform": null,
        "transition": null,
      }
    }
  >
    <span
      className="list--content"
    >
      Title 2
    </span>
    <button
      area-label="Удалить"
      className="list--button"
      name="remove"
      onClick={[Function]}
      title="Удалить"
      type="button"
      value="2"
    >
      x
    </button>
  </li>
</ul>
`;
